// Jest Snapshot v1, https://goo.gl/fbAQLP

exports[`Home renders homepage unchanged 1`] = `
<div>
  <div
    class="mx-auto rounded-xl border border-neutral-2 overflow-hidden mb-3.5 bg-primary"
  >
    <div
      class="flex justify-between"
    >
      <div
        class="px-6 py-2 flex flex-col align-center justify-center"
      >
        <div
          class="uppercase tracking-wide text-sm text-primary-3 font-semibold"
        >
          <a
            href="/tag/other"
          >
            other
          </a>
          ·
          2022-10-11
        </div>
        <a
          class="block mt-1 text-lg leading-tight font-medium text-primary-4 hover:underline"
          href="/article/6972548384855035914"
          target="_blank"
        >
          博客设计方案与实施
        </a>
        <p
          class="mt-2 text-slate-500 text-neutral-2"
        >
          记录博客的技术架构
        </p>
      </div>
      <div
        class="shrink-0"
      >
        <img
          alt="博客设计方案与实施"
          class="w-32 md:w-48 h-36 object-cover"
          data-nimg="future"
          decoding="async"
          height="100"
          loading="lazy"
          src="/_next/image?url=https%3A%2F%2Fcdn.orluma.ltd%2Farticle%2F6972548384855035914%2Flogo_1665413773511.jpg&w=256&q=75"
          srcset="/_next/image?url=https%3A%2F%2Fcdn.orluma.ltd%2Farticle%2F6972548384855035914%2Flogo_1665413773511.jpg&w=128&q=75 1x, /_next/image?url=https%3A%2F%2Fcdn.orluma.ltd%2Farticle%2F6972548384855035914%2Flogo_1665413773511.jpg&w=256&q=75 2x"
          style="color: transparent;"
          width="100"
        />
      </div>
    </div>
  </div>
</div>
`;
